// Jest Snapshot v1, https://goo.gl/fbAQLP

exports[`ProjectContainer should match the snapshot 1`] = `
<Fragment>
  <section
    className="project-container"
  >
    <Connect(NewProjectForm) />
  </section>
  <section
    className="saved-projects-section"
  >
    <Projects
      key="13"
      name="Test Project"
    />
  </section>
</Fragment>
`;
