// Jest Snapshot v1, https://goo.gl/fbAQLP

exports[`Generator should match the snapshot 1`] = `
<div>
  <h1>
    Color Therapy
  </h1>
  <section
    className="palette-container"
  >
    <div
      className="color-container"
      id="color1"
      style={
        Object {
          "backgroundColor": "#1ce372",
        }
      }
    >
      <img
        className="color-lock1"
        id="1"
        onClick={[Function]}
        src={
          Object {
            "ReactComponent": Object {
              "$$typeof": Symbol(react.forward_ref),
              "render": [Function],
            },
            "__esModule": true,
            "default": "unlocked.svg",
          }
        }
        value="Lock Color"
      />
      <p
        className="hex-color"
      >
        #1CE372
      </p>
    </div>
    <div
      className="color-container"
      id="color2"
      style={
        Object {
          "backgroundColor": "#b09aaa",
        }
      }
    >
      <img
        className="color-lock2"
        id="2"
        onClick={[Function]}
        src={
          Object {
            "ReactComponent": Object {
              "$$typeof": Symbol(react.forward_ref),
              "render": [Function],
            },
            "__esModule": true,
            "default": "unlocked.svg",
          }
        }
        value="Lock Color"
      />
      <p
        className="hex-color"
      >
        #B09AAA
      </p>
    </div>
    <div
      className="color-container"
      id="color3"
      style={
        Object {
          "backgroundColor": "#f186a7",
        }
      }
    >
      <img
        className="color-lock3"
        id="3"
        onClick={[Function]}
        src={
          Object {
            "ReactComponent": Object {
              "$$typeof": Symbol(react.forward_ref),
              "render": [Function],
            },
            "__esModule": true,
            "default": "unlocked.svg",
          }
        }
        value="Lock Color"
      />
      <p
        className="hex-color"
      >
        #F186A7
      </p>
    </div>
    <div
      className="color-container"
      id="color4"
      style={
        Object {
          "backgroundColor": "#11cc42",
        }
      }
    >
      <img
        className="color-lock4"
        id="4"
        onClick={[Function]}
        src={
          Object {
            "ReactComponent": Object {
              "$$typeof": Symbol(react.forward_ref),
              "render": [Function],
            },
            "__esModule": true,
            "default": "unlocked.svg",
          }
        }
        value="Lock Color"
      />
      <p
        className="hex-color"
      >
        #11CC42
      </p>
    </div>
    <div
      className="color-container"
      id="color5"
      style={
        Object {
          "backgroundColor": "#071a69",
        }
      }
    >
      <img
        className="color-lock5"
        id="5"
        onClick={[Function]}
        src={
          Object {
            "ReactComponent": Object {
              "$$typeof": Symbol(react.forward_ref),
              "render": [Function],
            },
            "__esModule": true,
            "default": "unlocked.svg",
          }
        }
        value="Lock Color"
      />
      <p
        className="hex-color"
      >
        #071A69
      </p>
    </div>
  </section>
  <section
    className="generate-palette"
  >
    <input
      className="generate-palette-btn"
      onClick={[Function]}
      type="button"
      value="Generate colors"
    />
  </section>
  <section
    className="project-container"
  >
    <Connect(NewProjectForm) />
    <Connect(NewPaletteForm)
      addNewPalette={[Function]}
    />
  </section>
</div>
`;
