// Jest Snapshot v1, https://goo.gl/fbAQLP

exports[`Generator should match the snapshot 1`] = `
<div>
  <h1>
    Color Therapy
  </h1>
  <section
    className="palette-container"
  >
    <div
      className="color-container"
      id="color1"
      style={
        Object {
          "backgroundColor": "#ced74f",
        }
      }
    >
      <img
        className="color-lock"
        id="1"
        onClick={[Function]}
        src={
          Object {
            "ReactComponent": Object {
              "$$typeof": Symbol(react.forward_ref),
              "render": [Function],
            },
            "__esModule": true,
            "default": "unlocked.svg",
          }
        }
        value="Lock Color"
      />
      <p
        className="hex-color"
      >
        #ced74f
      </p>
    </div>
    <div
      className="color-container"
      id="color2"
      style={
        Object {
          "backgroundColor": "#b93fcb",
        }
      }
    >
      <img
        className="color-lock"
        id="2"
        onClick={[Function]}
        src={
          Object {
            "ReactComponent": Object {
              "$$typeof": Symbol(react.forward_ref),
              "render": [Function],
            },
            "__esModule": true,
            "default": "unlocked.svg",
          }
        }
        value="Lock Color"
      />
      <p
        className="hex-color"
      >
        #b93fcb
      </p>
    </div>
    <div
      className="color-container"
      id="color3"
      style={
        Object {
          "backgroundColor": "#422b5a",
        }
      }
    >
      <img
        className="color-lock"
        id="3"
        onClick={[Function]}
        src={
          Object {
            "ReactComponent": Object {
              "$$typeof": Symbol(react.forward_ref),
              "render": [Function],
            },
            "__esModule": true,
            "default": "unlocked.svg",
          }
        }
        value="Lock Color"
      />
      <p
        className="hex-color"
      >
        #422b5a
      </p>
    </div>
    <div
      className="color-container"
      id="color4"
      style={
        Object {
          "backgroundColor": "#fd4f00",
        }
      }
    >
      <img
        className="color-lock"
        id="4"
        onClick={[Function]}
        src={
          Object {
            "ReactComponent": Object {
              "$$typeof": Symbol(react.forward_ref),
              "render": [Function],
            },
            "__esModule": true,
            "default": "unlocked.svg",
          }
        }
        value="Lock Color"
      />
      <p
        className="hex-color"
      >
        #fd4f00
      </p>
    </div>
    <div
      className="color-container"
      id="color5"
      style={
        Object {
          "backgroundColor": "#fdc70e",
        }
      }
    >
      <img
        className="color-lock"
        id="5"
        onClick={[Function]}
        src={
          Object {
            "ReactComponent": Object {
              "$$typeof": Symbol(react.forward_ref),
              "render": [Function],
            },
            "__esModule": true,
            "default": "unlocked.svg",
          }
        }
        value="Lock Color"
      />
      <p
        className="hex-color"
      >
        #fdc70e
      </p>
    </div>
  </section>
  <section
    className="generate-palette"
  >
    <input
      className="generate-palette-btn button"
      onClick={[Function]}
      type="button"
      value="Generate colors"
    />
  </section>
  <Connect(NewPaletteForm)
    addNewPalette={[Function]}
  />
</div>
`;
